﻿
> dashboard-frontend@0.0.0 build
> tsc -b && vite build

[36mrolldown-vite v7.2.5 [32mbuilding client environment for production...[36m[39m
[2K
transforming...Ô£ô 2689 modules transformed.
rendering chunks...
node.exe : [33m[plugin builtin:reporter] 
En línea: 1 Carácter: 1
+ & "C:\Program Files\nodejs/node.exe" "C:\Program Files\nodejs/node_mo ...
+ ~~~~~~~~~~~~~~~~~~~~~~~~~~~~~~~~~~~~~~~~~~~~~~~~~~~~~~~~~~~~~~~~~~~~~
    + CategoryInfo          : NotSpecified: ([33m[plugin builtin:reporter] :S 
   tring) [], RemoteException
    + FullyQualifiedErrorId : NativeCommandError
 
(!) C:/Users/duvil/Frontend_Lend Event/src/lib/sessionEvents.ts is dynamically 
imported by C:/Users/duvil/Frontend_Lend Event/src/lib/api.ts but also 
statically imported by C:/Users/duvil/Frontend_Lend 
Event/src/contexts/SessionContext.tsx, dynamic import will not move module 
into another chunk.
[39m
computing gzip size...
dist/index.html                                             0.53 kB Ôöé gzip:   0.34 kB
dist/assets/index-CJ_sS-Xo.css                            113.73 kB Ôöé gzip:  19.55 kB
dist/assets/sessionEvents-wY4teTqg.js                       0.08 kB Ôöé gzip:   0.09 kB
dist/assets/SuperAdminLayout-C4ukKjQa.js                    0.90 kB Ôöé gzip:   0.50 kB
dist/assets/MaterialInstanceDetailLauncher-CF2EVutR.js      0.97 kB Ôöé gzip:   0.53 kB
dist/assets/formGuideTemplates-BiMInxoI.js                  0.97 kB Ôöé gzip:   0.43 kB
dist/assets/CategoryDetailLauncher-j-G05ZAa.js              1.02 kB Ôöé gzip:   0.56 kB
dist/assets/superAdminService-DHzV21we.js                   1.06 kB Ôöé gzip:   0.38 kB
dist/assets/CustomerDetailLauncher-D2dFzQek.js              1.07 kB Ôöé gzip:   0.59 kB
dist/assets/MaterialTypeDetailLauncher-DLJhPvso.js          1.14 kB Ôöé gzip:   0.61 kB
dist/assets/LocationDetailLauncher-6iztLN4q.js              1.19 kB Ôöé gzip:   0.65 kB
dist/assets/TransferRequestDetailLauncher-CJHWuUM8.js       1.21 kB Ôöé gzip:   0.64 kB
dist/assets/LoanDetailLauncher-Bpq_dB6D.js                  2.47 kB Ôöé gzip:   1.25 kB
dist/assets/components-DTn1MbdD.js                          4.95 kB Ôöé gzip:   1.99 kB
dist/assets/superAdminReportsHelp-DYhci98i.js               5.09 kB Ôöé gzip:   1.95 kB
dist/assets/dashboardHelp-l2qR3GBh.js                       5.73 kB Ôöé gzip:   2.21 kB
dist/assets/superAdminSettingsHelp-Dhu2t5r7.js              5.76 kB Ôöé gzip:   1.83 kB
dist/assets/settingsHelp-BJifIcFl.js                        6.21 kB Ôöé gzip:   2.31 kB
dist/assets/attributesHelp-Cmr2YUIw.js                      6.35 kB Ôöé gzip:   2.28 kB
dist/assets/operationsHelp-DoMzCQeY.js                      6.50 kB Ôöé gzip:   2.46 kB
dist/assets/UserManagement-CMkXruIF.js                      7.40 kB Ôöé gzip:   2.26 kB
dist/assets/reportsHelp-B7zAOwLD.js                         7.58 kB Ôöé gzip:   2.80 kB
dist/assets/subscriptionHelp-bD-tBpvG.js                    7.89 kB Ôöé gzip:   2.86 kB
dist/assets/materialCategoriesHelp-G3RbH7IQ.js              9.03 kB Ôöé gzip:   3.14 kB
dist/assets/incidentsHelp-XAd8HgMQ.js                       9.07 kB Ôöé gzip:   2.98 kB
dist/assets/inspectionsHelp-DFjSpHYA.js                     9.11 kB Ôöé gzip:   3.26 kB
dist/assets/materialTypesHelp-CeSLxBmQ.js                   9.45 kB Ôöé gzip:   3.32 kB
dist/assets/invoicesHelp-I5iElyXk.js                        9.46 kB Ôöé gzip:   3.31 kB
dist/assets/paymentMethodsHelp-DhNl6BHZ.js                  9.52 kB Ôöé gzip:   3.32 kB
dist/assets/SalesOverview-DbCxSSQa.js                       9.91 kB Ôöé gzip:   3.60 kB
dist/assets/teamHelp-7hvmAbId.js                           10.26 kB Ôöé gzip:   3.69 kB
dist/assets/ordersHelp-COspn6BA.js                         10.29 kB Ôöé gzip:   3.59 kB
dist/assets/loginHelp-rG7_dwQS.js                          10.43 kB Ôöé gzip:   3.36 kB
dist/assets/customersHelp-CShem1v3.js                      10.65 kB Ôöé gzip:   3.55 kB
dist/assets/pricingHelp-CzswZf3S.js                        10.79 kB Ôöé gzip:   3.49 kB
dist/assets/ticketsHelp-CqR1sjJZ.js                        11.14 kB Ôöé gzip:   3.87 kB
dist/assets/locationsHelp-DPdUCpp2.js                      11.16 kB Ôöé gzip:   3.78 kB
dist/assets/rolesHelp-CjSC5XP-.js                          11.55 kB Ôöé gzip:   4.13 kB
dist/assets/rentalsHelp-aDiG71vW.js                        11.55 kB Ôöé gzip:   3.58 kB
dist/assets/OrganizationManagement-RqcCdITD.js             11.65 kB Ôöé gzip:   4.00 kB
dist/assets/transferRequestsHelp-BKj3KSvF.js               11.70 kB Ôöé gzip:   3.60 kB
dist/assets/plansHelp-DLlBSRy_.js                          12.46 kB Ôöé gzip:   4.30 kB
dist/assets/AdminReports-CnrdgDYg.js                       13.48 kB Ôöé gzip:   3.48 kB
dist/assets/maintenanceHelp-LzjnngBF.js                    14.30 kB Ôöé gzip:   4.40 kB
dist/assets/SystemSettings-CljAMMnR.js                     15.56 kB Ôöé gzip:   3.91 kB
dist/assets/loansHelp-BI3w-L8K.js                          16.30 kB Ôöé gzip:   5.19 kB
dist/assets/materialInstancesHelp-DGg5cY2_.js              19.74 kB Ôöé gzip:   6.83 kB
dist/assets/SubscriptionManagement-Beypm3gg.js             41.40 kB Ôöé gzip:   9.68 kB
dist/assets/index-C8lP1PL7.js                           2,921.37 kB Ôöé gzip: 799.85 kB
[32mÔ£ô built in 14.35s[39m
[33m[plugin builtin:reporter] 
(!) Some chunks are larger than 500 kB after minification. Consider:
- Using dynamic import() to code-split the application
- Use build.rollupOptions.output.manualChunks to improve chunking: 
https://rollupjs.org/configuration-options/#output-manualchunks
- Adjust chunk size limit for this warning via 
build.chunkSizeWarningLimit.[39m
